  Error!  Error!  Error!  Error!  Error!  Error!  Error!  Error!  Error!